Component: ARM Compiler 5.05 update 2 (build 169) Tool: armlink [4d0f33]

==============================================================================

Section Cross References

    startup_stm32f10x_hd.o(RESET) refers to startup_stm32f10x_hd.o(.text) for Reset_Handler
    startup_stm32f10x_hd.o(RESET) refers to stm32f10x_it.o(.text) for NMI_Handler
    startup_stm32f10x_hd.o(.text) refers to startup_stm32f10x_hd.o(STACK) for __initial_sp
    startup_stm32f10x_hd.o(.text) refers to entry.o(.ARM.Collect$$$$00000000) for __main
    main.o(.text) refers to misc.o(.text) for NVIC_Init
    main.o(.text) refers to system_stm32f10x.o(.text) for SystemInit
    main.o(.text) refers to mb.o(.text) for eMBInit
    main.o(.text) refers to stm32f10x_gpio.o(.text) for GPIO_SetBits
    main.o(.text) refers to main.o(.data) for flag
    stm32f10x_it.o(.text) refers to portserial.o(.text) for UART1_IRQ
    stm32f10x_it.o(.text) refers to porttimer.o(.text) for prvvTIMERExpiredISR
    stm32f10x_gpio.o(.text) refers to stm32f10x_rcc.o(.text) for RCC_APB2PeriphResetCmd
    stm32f10x_rcc.o(.text) refers to stm32f10x_rcc.o(.data) for APBAHBPrescTable
    stm32f10x_tim.o(.text) refers to stm32f10x_rcc.o(.text) for RCC_APB2PeriphResetCmd
    stm32f10x_usart.o(.text) refers to stm32f10x_rcc.o(.text) for RCC_APB2PeriphResetCmd
    mbcrc.o(.text) refers to mbcrc.o(.constdata) for aucCRCHi
    mbrtu.o(.text) refers to portserial.o(.text) for EnterCriticalSection
    mbrtu.o(.text) refers to porttimer.o(.text) for xMBPortTimersInit
    mbrtu.o(.text) refers to mbcrc.o(.text) for usMBCRC16
    mbrtu.o(.text) refers to portevent.o(.text) for xMBPortEventPost
    mbrtu.o(.text) refers to mbrtu.o(.data) for eRcvState
    mbrtu.o(.text) refers to mbrtu.o(.bss) for ucRTUBuf
    mbascii.o(.text) refers to portserial.o(.text) for EnterCriticalSection
    mbascii.o(.text) refers to porttimer.o(.text) for xMBPortTimersInit
    mbascii.o(.text) refers to portevent.o(.text) for xMBPortEventPost
    mbascii.o(.text) refers to mbascii.o(.data) for ucMBLFCharacter
    mbascii.o(.data) refers to mbrtu.o(.bss) for ucRTUBuf
    mbfunccoils.o(.text) refers to main.o(.text) for eMBRegCoilsCB
    mbfunccoils.o(.text) refers to mbutils.o(.text) for prveMBError2Exception
    mbfuncdisc.o(.text) refers to main.o(.text) for eMBRegDiscreteCB
    mbfuncdisc.o(.text) refers to mbutils.o(.text) for prveMBError2Exception
    mbfuncholding.o(.text) refers to main.o(.text) for eMBRegHoldingCB
    mbfuncholding.o(.text) refers to mbutils.o(.text) for prveMBError2Exception
    mbfuncinput.o(.text) refers to main.o(.text) for eMBRegInputCB
    mbfuncinput.o(.text) refers to mbutils.o(.text) for prveMBError2Exception
    mbfuncother.o(.text) refers to memcpya.o(.text) for __aeabi_memcpy
    mbfuncother.o(.text) refers to mbfuncother.o(.data) for usMBSlaveIDLen
    mbfuncother.o(.text) refers to mbfuncother.o(.bss) for ucMBSlaveID
    mb.o(.text) refers to mbrtu.o(.text) for eMBRTUInit
    mb.o(.text) refers to mbascii.o(.text) for eMBASCIIInit
    mb.o(.text) refers to portevent.o(.text) for xMBPortEventInit
    mb.o(.text) refers to portserial.o(.text) for EnterCriticalSection
    mb.o(.text) refers to mb.o(.data) for ucMBAddress
    mb.o(.data) refers to mbfuncother.o(.text) for eMBFuncReportSlaveID
    mb.o(.data) refers to mbfuncinput.o(.text) for eMBFuncReadInputRegister
    mb.o(.data) refers to mbfuncholding.o(.text) for eMBFuncReadHoldingRegister
    mb.o(.data) refers to mbfunccoils.o(.text) for eMBFuncReadCoils
    mb.o(.data) refers to mbfuncdisc.o(.text) for eMBFuncReadDiscreteInputs
    portevent.o(.text) refers to portevent.o(.data) for xEventInQueue
    portserial.o(.text) refers to stm32f10x_usart.o(.text) for USART_ITConfig
    portserial.o(.text) refers to stm32f10x_rcc.o(.text) for RCC_APB2PeriphClockCmd
    portserial.o(.text) refers to stm32f10x_gpio.o(.text) for GPIO_Init
    portserial.o(.text) refers to mb.o(.data) for pxMBFrameCBTransmitterEmpty
    porttimer.o(.text) refers to stm32f10x_rcc.o(.text) for RCC_APB1PeriphClockCmd
    porttimer.o(.text) refers to stm32f10x_tim.o(.text) for TIM_TimeBaseInit
    porttimer.o(.text) refers to mb.o(.data) for pxMBPortCBTimerExpired
    entry.o(.ARM.Collect$$$$00000000) refers (Special) to entry10a.o(.ARM.Collect$$$$0000000D) for __rt_final_cpp
    entry.o(.ARM.Collect$$$$00000000) refers (Special) to entry11a.o(.ARM.Collect$$$$0000000F) for __rt_final_exit
    entry.o(.ARM.Collect$$$$00000000) refers (Special) to entry7b.o(.ARM.Collect$$$$00000008) for _main_clock
    entry.o(.ARM.Collect$$$$00000000) refers (Special) to entry8b.o(.ARM.Collect$$$$0000000A) for _main_cpp_init
    entry.o(.ARM.Collect$$$$00000000) refers (Special) to entry9a.o(.ARM.Collect$$$$0000000B) for _main_init
    entry.o(.ARM.Collect$$$$00000000) refers (Special) to entry5.o(.ARM.Collect$$$$00000004) for _main_scatterload
    entry.o(.ARM.Collect$$$$00000000) refers (Special) to entry2.o(.ARM.Collect$$$$00000001) for _main_stk
    entry2.o(.ARM.Collect$$$$00000001) refers to entry2.o(.ARM.Collect$$$$00002712) for __lit__00000000
    entry2.o(.ARM.Collect$$$$00002712) refers to startup_stm32f10x_hd.o(STACK) for __initial_sp
    entry2.o(__vectab_stack_and_reset_area) refers to startup_stm32f10x_hd.o(STACK) for __initial_sp
    entry2.o(__vectab_stack_and_reset_area) refers to entry.o(.ARM.Collect$$$$00000000) for __main
    entry5.o(.ARM.Collect$$$$00000004) refers to init.o(.text) for __scatterload
    entry9a.o(.ARM.Collect$$$$0000000B) refers to main.o(.text) for main
    entry9b.o(.ARM.Collect$$$$0000000C) refers to main.o(.text) for main
    init.o(.text) refers to entry5.o(.ARM.Collect$$$$00000004) for __main_after_scatterload


==============================================================================

Removing Unused input sections from the image.

    Removing startup_stm32f10x_hd.o(HEAP), (0 bytes).
    Removing core_cm3.o(.emb_text), (32 bytes).
    Removing system_stm32f10x.o(.constdata), (20 bytes).
    Removing portserial.o(.data), (2 bytes).

4 unused section(s) (total 54 bytes) removed from the image.

==============================================================================

Image Symbol Table

    Local Symbols

    Symbol Name                              Value     Ov Type        Size  Object(Section)

    ../clib/microlib/init/entry.s            0x00000000   Number         0  entry11b.o ABSOLUTE
    ../clib/microlib/init/entry.s            0x00000000   Number         0  entry9a.o ABSOLUTE
    ../clib/microlib/init/entry.s            0x00000000   Number         0  entry9b.o ABSOLUTE
    ../clib/microlib/init/entry.s            0x00000000   Number         0  entry10a.o ABSOLUTE
    ../clib/microlib/init/entry.s            0x00000000   Number         0  entry11a.o ABSOLUTE
    ../clib/microlib/init/entry.s            0x00000000   Number         0  entry.o ABSOLUTE
    ../clib/microlib/init/entry.s            0x00000000   Number         0  entry2.o ABSOLUTE
    ../clib/microlib/init/entry.s            0x00000000   Number         0  entry10b.o ABSOLUTE
    ../clib/microlib/init/entry.s            0x00000000   Number         0  entry8a.o ABSOLUTE
    ../clib/microlib/init/entry.s            0x00000000   Number         0  entry5.o ABSOLUTE
    ../clib/microlib/init/entry.s            0x00000000   Number         0  entry7a.o ABSOLUTE
    ../clib/microlib/init/entry.s            0x00000000   Number         0  entry7b.o ABSOLUTE
    ../clib/microlib/init/entry.s            0x00000000   Number         0  entry8b.o ABSOLUTE
    ../clib/microlib/string/memcpy.c         0x00000000   Number         0  memcpya.o ABSOLUTE
    ../clib/microlib/string/memcpy.c         0x00000000   Number         0  memcpyb.o ABSOLUTE
    ..\CMSIS\core_cm3.c                      0x00000000   Number         0  core_cm3.o ABSOLUTE
    ..\CMSIS\startup\startup_stm32f10x_hd.s  0x00000000   Number         0  startup_stm32f10x_hd.o ABSOLUTE
    ..\CMSIS\system_stm32f10x.c              0x00000000   Number         0  system_stm32f10x.o ABSOLUTE
    ..\FWlib\src\misc.c                      0x00000000   Number         0  misc.o ABSOLUTE
    ..\FWlib\src\stm32f10x_gpio.c            0x00000000   Number         0  stm32f10x_gpio.o ABSOLUTE
    ..\FWlib\src\stm32f10x_rcc.c             0x00000000   Number         0  stm32f10x_rcc.o ABSOLUTE
    ..\FWlib\src\stm32f10x_tim.c             0x00000000   Number         0  stm32f10x_tim.o ABSOLUTE
    ..\FWlib\src\stm32f10x_usart.c           0x00000000   Number         0  stm32f10x_usart.o ABSOLUTE
    ..\\CMSIS\\core_cm3.c                    0x00000000   Number         0  core_cm3.o ABSOLUTE
    ..\modbus\ascii\mbascii.c                0x00000000   Number         0  mbascii.o ABSOLUTE
    ..\modbus\functions\mbfunccoils.c        0x00000000   Number         0  mbfunccoils.o ABSOLUTE
    ..\modbus\functions\mbfuncdiag.c         0x00000000   Number         0  mbfuncdiag.o ABSOLUTE
    ..\modbus\functions\mbfuncdisc.c         0x00000000   Number         0  mbfuncdisc.o ABSOLUTE
    ..\modbus\functions\mbfuncholding.c      0x00000000   Number         0  mbfuncholding.o ABSOLUTE
    ..\modbus\functions\mbfuncinput.c        0x00000000   Number         0  mbfuncinput.o ABSOLUTE
    ..\modbus\functions\mbfuncother.c        0x00000000   Number         0  mbfuncother.o ABSOLUTE
    ..\modbus\functions\mbutils.c            0x00000000   Number         0  mbutils.o ABSOLUTE
    ..\modbus\mb.c                           0x00000000   Number         0  mb.o ABSOLUTE
    ..\modbus\port\portevent.c               0x00000000   Number         0  portevent.o ABSOLUTE
    ..\modbus\port\portserial.c              0x00000000   Number         0  portserial.o ABSOLUTE
    ..\modbus\port\porttimer.c               0x00000000   Number         0  porttimer.o ABSOLUTE
    ..\modbus\rtu\mbcrc.c                    0x00000000   Number         0  mbcrc.o ABSOLUTE
    ..\modbus\rtu\mbrtu.c                    0x00000000   Number         0  mbrtu.o ABSOLUTE
    ..\modbus\tcp\mbtcp.c                    0x00000000   Number         0  mbtcp.o ABSOLUTE
    dc.s                                     0x00000000   Number         0  dc.o ABSOLUTE
    handlers.s                               0x00000000   Number         0  handlers.o ABSOLUTE
    init.s                                   0x00000000   Number         0  init.o ABSOLUTE
    main.c                                   0x00000000   Number         0  main.o ABSOLUTE
    stm32f10x_it.c                           0x00000000   Number         0  stm32f10x_it.o ABSOLUTE
    RESET                                    0x08000000   Section      304  startup_stm32f10x_hd.o(RESET)
    .ARM.Collect$$$$00000000                 0x08000130   Section        0  entry.o(.ARM.Collect$$$$00000000)
    .ARM.Collect$$$$00000001                 0x08000130   Section        4  entry2.o(.ARM.Collect$$$$00000001)
    .ARM.Collect$$$$00000004                 0x08000134   Section        4  entry5.o(.ARM.Collect$$$$00000004)
    .ARM.Collect$$$$00000008                 0x08000138   Section        0  entry7b.o(.ARM.Collect$$$$00000008)
    .ARM.Collect$$$$0000000A                 0x08000138   Section        0  entry8b.o(.ARM.Collect$$$$0000000A)
    .ARM.Collect$$$$0000000B                 0x08000138   Section        8  entry9a.o(.ARM.Collect$$$$0000000B)
    .ARM.Collect$$$$0000000D                 0x08000140   Section        0  entry10a.o(.ARM.Collect$$$$0000000D)
    .ARM.Collect$$$$0000000F                 0x08000140   Section        0  entry11a.o(.ARM.Collect$$$$0000000F)
    .ARM.Collect$$$$00002712                 0x08000140   Section        4  entry2.o(.ARM.Collect$$$$00002712)
    __lit__00000000                          0x08000140   Data           4  entry2.o(.ARM.Collect$$$$00002712)
    .text                                    0x08000144   Section       48  startup_stm32f10x_hd.o(.text)
    .text                                    0x08000174   Section        0  main.o(.text)
    .text                                    0x0800030c   Section        0  stm32f10x_it.o(.text)
    .text                                    0x08000338   Section        0  stm32f10x_gpio.o(.text)
    .text                                    0x08000668   Section        0  stm32f10x_rcc.o(.text)
    .text                                    0x08000a08   Section        0  stm32f10x_tim.o(.text)
    TI4_Config                               0x08000d27   Thumb Code    82  stm32f10x_tim.o(.text)
    TI3_Config                               0x08000d8b   Thumb Code    72  stm32f10x_tim.o(.text)
    TI2_Config                               0x08000dfd   Thumb Code    80  stm32f10x_tim.o(.text)
    TI1_Config                               0x08000e5f   Thumb Code    56  stm32f10x_tim.o(.text)
    .text                                    0x080015d0   Section        0  stm32f10x_usart.o(.text)
    .text                                    0x08001940   Section        0  misc.o(.text)
    .text                                    0x08001a1c   Section        0  system_stm32f10x.o(.text)
    SetSysClockTo72                          0x08001a1d   Thumb Code   220  system_stm32f10x.o(.text)
    SetSysClock                              0x08001af9   Thumb Code     8  system_stm32f10x.o(.text)
    .text                                    0x08001b54   Section        0  mbcrc.o(.text)
    .text                                    0x08001b8c   Section        0  mbrtu.o(.text)
    .text                                    0x08001e10   Section        0  mbascii.o(.text)
    prvucMBLRC                               0x08001e8d   Thumb Code    32  mbascii.o(.text)
    prvucMBCHAR2BIN                          0x08001f67   Thumb Code    38  mbascii.o(.text)
    prvucMBBIN2CHAR                          0x080020a1   Thumb Code    34  mbascii.o(.text)
    .text                                    0x080021e4   Section        0  mbfunccoils.o(.text)
    .text                                    0x08002392   Section        0  mbfuncdisc.o(.text)
    .text                                    0x0800243e   Section        0  mbfuncholding.o(.text)
    .text                                    0x0800264e   Section        0  mbfuncinput.o(.text)
    .text                                    0x080026dc   Section        0  mbfuncother.o(.text)
    .text                                    0x08002770   Section        0  mbutils.o(.text)
    .text                                    0x0800281c   Section        0  mb.o(.text)
    .text                                    0x08002b78   Section        0  portevent.o(.text)
    .text                                    0x08002bb4   Section        0  portserial.o(.text)
    .text                                    0x08002d48   Section        0  porttimer.o(.text)
    .text                                    0x08002dd4   Section        0  memcpya.o(.text)
    .text                                    0x08002df8   Section       36  init.o(.text)
    i.__scatterload_copy                     0x08002e1c   Section       14  handlers.o(i.__scatterload_copy)
    i.__scatterload_null                     0x08002e2a   Section        2  handlers.o(i.__scatterload_null)
    i.__scatterload_zeroinit                 0x08002e2c   Section       14  handlers.o(i.__scatterload_zeroinit)
    .constdata                               0x08002e3a   Section      512  mbcrc.o(.constdata)
    aucCRCHi                                 0x08002e3a   Data         256  mbcrc.o(.constdata)
    aucCRCLo                                 0x08002f3a   Data         256  mbcrc.o(.constdata)
    .data                                    0x20000000   Section       19  main.o(.data)
    flag                                     0x20000010   Data           1  main.o(.data)
    flag                                     0x20000011   Data           1  main.o(.data)
    flag                                     0x20000012   Data           1  main.o(.data)
    .data                                    0x20000013   Section       20  stm32f10x_rcc.o(.data)
    APBAHBPrescTable                         0x20000013   Data          16  stm32f10x_rcc.o(.data)
    ADCPrescTable                            0x20000023   Data           4  stm32f10x_rcc.o(.data)
    .data                                    0x20000028   Section       12  mbrtu.o(.data)
    eSndState                                0x20000028   Data           1  mbrtu.o(.data)
    eRcvState                                0x20000029   Data           1  mbrtu.o(.data)
    pucSndBufferCur                          0x2000002c   Data           4  mbrtu.o(.data)
    usSndBufferCount                         0x20000030   Data           2  mbrtu.o(.data)
    usRcvBufferPos                           0x20000032   Data           2  mbrtu.o(.data)
    .data                                    0x20000034   Section       20  mbascii.o(.data)
    eSndState                                0x20000034   Data           1  mbascii.o(.data)
    eRcvState                                0x20000035   Data           1  mbascii.o(.data)
    ucASCIIBuf                               0x20000038   Data           4  mbascii.o(.data)
    usRcvBufferPos                           0x2000003c   Data           2  mbascii.o(.data)
    eBytePos                                 0x2000003e   Data           1  mbascii.o(.data)
    pucSndBufferCur                          0x20000040   Data           4  mbascii.o(.data)
    usSndBufferCount                         0x20000044   Data           2  mbascii.o(.data)
    ucLRC                                    0x20000046   Data           1  mbascii.o(.data)
    ucMBLFCharacter                          0x20000047   Data           1  mbascii.o(.data)
    .data                                    0x20000048   Section        2  mbfuncother.o(.data)
    usMBSlaveIDLen                           0x20000048   Data           2  mbfuncother.o(.data)
    .data                                    0x2000004c   Section      181  mb.o(.data)
    ucMBAddress                              0x2000004c   Data           1  mb.o(.data)
    eMBCurrentMode                           0x2000004d   Data           1  mb.o(.data)
    eMBState                                 0x2000004e   Data           1  mb.o(.data)
    peMBFrameSendCur                         0x20000050   Data           4  mb.o(.data)
    pvMBFrameStartCur                        0x20000054   Data           4  mb.o(.data)
    pvMBFrameStopCur                         0x20000058   Data           4  mb.o(.data)
    peMBFrameReceiveCur                      0x2000005c   Data           4  mb.o(.data)
    pvMBFrameCloseCur                        0x20000060   Data           4  mb.o(.data)
    xFuncHandlers                            0x20000078   Data         128  mb.o(.data)
    ucMBFrame                                0x200000f8   Data           4  mb.o(.data)
    ucRcvAddress                             0x200000fc   Data           1  mb.o(.data)
    ucFunctionCode                           0x200000fd   Data           1  mb.o(.data)
    usLength                                 0x200000fe   Data           2  mb.o(.data)
    eException                               0x20000100   Data           1  mb.o(.data)
    .data                                    0x20000101   Section        2  portevent.o(.data)
    eQueuedEvent                             0x20000101   Data           1  portevent.o(.data)
    xEventInQueue                            0x20000102   Data           1  portevent.o(.data)
    .bss                                     0x20000104   Section      256  mbrtu.o(.bss)
    .bss                                     0x20000204   Section       32  mbfuncother.o(.bss)
    ucMBSlaveID                              0x20000204   Data          32  mbfuncother.o(.bss)
    STACK                                    0x20000228   Section      512  startup_stm32f10x_hd.o(STACK)

    Global Symbols

    Symbol Name                              Value     Ov Type        Size  Object(Section)

    BuildAttributes$$THM_ISAv4$P$D$K$B$S$PE$A:L22UL41UL21$X:L11$S22US41US21$IEEE1$IW$USESV6$~STKCKD$USESV7$~SHL$OSPACE$EBA8$MICROLIB$REQ8$PRES8$EABIv2 0x00000000   Number         0  anon$$obj.o ABSOLUTE
    __ARM_use_no_argv                        0x00000000   Number         0  main.o ABSOLUTE
    __cpp_initialize__aeabi_                  - Undefined Weak Reference
    __cxa_finalize                            - Undefined Weak Reference
    __decompress                              - Undefined Weak Reference
    _clock_init                               - Undefined Weak Reference
    _microlib_exit                            - Undefined Weak Reference
    __Vectors_Size                           0x00000130   Number         0  startup_stm32f10x_hd.o ABSOLUTE
    __Vectors                                0x08000000   Data           4  startup_stm32f10x_hd.o(RESET)
    __Vectors_End                            0x08000130   Data           0  startup_stm32f10x_hd.o(RESET)
    __main                                   0x08000131   Thumb Code     0  entry.o(.ARM.Collect$$$$00000000)
    _main_stk                                0x08000131   Thumb Code     0  entry2.o(.ARM.Collect$$$$00000001)
    _main_scatterload                        0x08000135   Thumb Code     0  entry5.o(.ARM.Collect$$$$00000004)
    __main_after_scatterload                 0x08000139   Thumb Code     0  entry5.o(.ARM.Collect$$$$00000004)
    _main_clock                              0x08000139   Thumb Code     0  entry7b.o(.ARM.Collect$$$$00000008)
    _main_cpp_init                           0x08000139   Thumb Code     0  entry8b.o(.ARM.Collect$$$$0000000A)
    _main_init                               0x08000139   Thumb Code     0  entry9a.o(.ARM.Collect$$$$0000000B)
    __rt_final_cpp                           0x08000141   Thumb Code     0  entry10a.o(.ARM.Collect$$$$0000000D)
    __rt_final_exit                          0x08000141   Thumb Code     0  entry11a.o(.ARM.Collect$$$$0000000F)
    SystemInit_ExtMemCtl                     0x08000145   Thumb Code     2  startup_stm32f10x_hd.o(.text)
    Reset_Handler                            0x08000147   Thumb Code    14  startup_stm32f10x_hd.o(.text)
    ADC1_2_IRQHandler                        0x08000167   Thumb Code     0  startup_stm32f10x_hd.o(.text)
    ADC3_IRQHandler                          0x08000167   Thumb Code     0  startup_stm32f10x_hd.o(.text)
    CAN1_RX1_IRQHandler                      0x08000167   Thumb Code     0  startup_stm32f10x_hd.o(.text)
    CAN1_SCE_IRQHandler                      0x08000167   Thumb Code     0  startup_stm32f10x_hd.o(.text)
    DMA1_Channel1_IRQHandler                 0x08000167   Thumb Code     0  startup_stm32f10x_hd.o(.text)
    DMA1_Channel2_IRQHandler                 0x08000167   Thumb Code     0  startup_stm32f10x_hd.o(.text)
    DMA1_Channel3_IRQHandler                 0x08000167   Thumb Code     0  startup_stm32f10x_hd.o(.text)
    DMA1_Channel4_IRQHandler                 0x08000167   Thumb Code     0  startup_stm32f10x_hd.o(.text)
    DMA1_Channel5_IRQHandler                 0x08000167   Thumb Code     0  startup_stm32f10x_hd.o(.text)
    DMA1_Channel6_IRQHandler                 0x08000167   Thumb Code     0  startup_stm32f10x_hd.o(.text)
    DMA1_Channel7_IRQHandler                 0x08000167   Thumb Code     0  startup_stm32f10x_hd.o(.text)
    DMA2_Channel1_IRQHandler                 0x08000167   Thumb Code     0  startup_stm32f10x_hd.o(.text)
    DMA2_Channel2_IRQHandler                 0x08000167   Thumb Code     0  startup_stm32f10x_hd.o(.text)
    DMA2_Channel3_IRQHandler                 0x08000167   Thumb Code     0  startup_stm32f10x_hd.o(.text)
    DMA2_Channel4_5_IRQHandler               0x08000167   Thumb Code     0  startup_stm32f10x_hd.o(.text)
    EXTI0_IRQHandler                         0x08000167   Thumb Code     0  startup_stm32f10x_hd.o(.text)
    EXTI15_10_IRQHandler                     0x08000167   Thumb Code     0  startup_stm32f10x_hd.o(.text)
    EXTI1_IRQHandler                         0x08000167   Thumb Code     0  startup_stm32f10x_hd.o(.text)
    EXTI2_IRQHandler                         0x08000167   Thumb Code     0  startup_stm32f10x_hd.o(.text)
    EXTI3_IRQHandler                         0x08000167   Thumb Code     0  startup_stm32f10x_hd.o(.text)
    EXTI4_IRQHandler                         0x08000167   Thumb Code     0  startup_stm32f10x_hd.o(.text)
    EXTI9_5_IRQHandler                       0x08000167   Thumb Code     0  startup_stm32f10x_hd.o(.text)
    FLASH_IRQHandler                         0x08000167   Thumb Code     0  startup_stm32f10x_hd.o(.text)
    FSMC_IRQHandler                          0x08000167   Thumb Code     0  startup_stm32f10x_hd.o(.text)
    I2C1_ER_IRQHandler                       0x08000167   Thumb Code     0  startup_stm32f10x_hd.o(.text)
    I2C1_EV_IRQHandler                       0x08000167   Thumb Code     0  startup_stm32f10x_hd.o(.text)
    I2C2_ER_IRQHandler                       0x08000167   Thumb Code     0  startup_stm32f10x_hd.o(.text)
    I2C2_EV_IRQHandler                       0x08000167   Thumb Code     0  startup_stm32f10x_hd.o(.text)
    PVD_IRQHandler                           0x08000167   Thumb Code     0  startup_stm32f10x_hd.o(.text)
    RCC_IRQHandler                           0x08000167   Thumb Code     0  startup_stm32f10x_hd.o(.text)
    RTCAlarm_IRQHandler                      0x08000167   Thumb Code     0  startup_stm32f10x_hd.o(.text)
    RTC_IRQHandler                           0x08000167   Thumb Code     0  startup_stm32f10x_hd.o(.text)
    SDIO_IRQHandler                          0x08000167   Thumb Code     0  startup_stm32f10x_hd.o(.text)
    SPI1_IRQHandler                          0x08000167   Thumb Code     0  startup_stm32f10x_hd.o(.text)
    SPI2_IRQHandler                          0x08000167   Thumb Code     0  startup_stm32f10x_hd.o(.text)
    SPI3_IRQHandler                          0x08000167   Thumb Code     0  startup_stm32f10x_hd.o(.text)
    TAMPER_IRQHandler                        0x08000167   Thumb Code     0  startup_stm32f10x_hd.o(.text)
    TIM1_BRK_IRQHandler                      0x08000167   Thumb Code     0  startup_stm32f10x_hd.o(.text)
    TIM1_CC_IRQHandler                       0x08000167   Thumb Code     0  startup_stm32f10x_hd.o(.text)
    TIM1_TRG_COM_IRQHandler                  0x08000167   Thumb Code     0  startup_stm32f10x_hd.o(.text)
    TIM1_UP_IRQHandler                       0x08000167   Thumb Code     0  startup_stm32f10x_hd.o(.text)
    TIM3_IRQHandler                          0x08000167   Thumb Code     0  startup_stm32f10x_hd.o(.text)
    TIM4_IRQHandler                          0x08000167   Thumb Code     0  startup_stm32f10x_hd.o(.text)
    TIM5_IRQHandler                          0x08000167   Thumb Code     0  startup_stm32f10x_hd.o(.text)
    TIM6_IRQHandler                          0x08000167   Thumb Code     0  startup_stm32f10x_hd.o(.text)
    TIM7_IRQHandler                          0x08000167   Thumb Code     0  startup_stm32f10x_hd.o(.text)
    TIM8_BRK_IRQHandler                      0x08000167   Thumb Code     0  startup_stm32f10x_hd.o(.text)
    TIM8_CC_IRQHandler                       0x08000167   Thumb Code     0  startup_stm32f10x_hd.o(.text)
    TIM8_TRG_COM_IRQHandler                  0x08000167   Thumb Code     0  startup_stm32f10x_hd.o(.text)
    TIM8_UP_IRQHandler                       0x08000167   Thumb Code     0  startup_stm32f10x_hd.o(.text)
    UART4_IRQHandler                         0x08000167   Thumb Code     0  startup_stm32f10x_hd.o(.text)
    UART5_IRQHandler                         0x08000167   Thumb Code     0  startup_stm32f10x_hd.o(.text)
    USART2_IRQHandler                        0x08000167   Thumb Code     0  startup_stm32f10x_hd.o(.text)
    USART3_IRQHandler                        0x08000167   Thumb Code     0  startup_stm32f10x_hd.o(.text)
    USBWakeUp_IRQHandler                     0x08000167   Thumb Code     0  startup_stm32f10x_hd.o(.text)
    USB_HP_CAN1_TX_IRQHandler                0x08000167   Thumb Code     0  startup_stm32f10x_hd.o(.text)
    USB_LP_CAN1_RX0_IRQHandler               0x08000167   Thumb Code     0  startup_stm32f10x_hd.o(.text)
    WWDG_IRQHandler                          0x08000167   Thumb Code     0  startup_stm32f10x_hd.o(.text)
    NVIC_Configuration                       0x08000175   Thumb Code    62  main.o(.text)
    main                                     0x080001b3   Thumb Code    46  main.o(.text)
    eMBRegInputCB                            0x080001e1   Thumb Code    54  main.o(.text)
    eMBRegHoldingCB                          0x08000217   Thumb Code   124  main.o(.text)
    eMBRegCoilsCB                            0x08000293   Thumb Code    54  main.o(.text)
    eMBRegDiscreteCB                         0x080002c9   Thumb Code    48  main.o(.text)
    NMI_Handler                              0x0800030d   Thumb Code     2  stm32f10x_it.o(.text)
    HardFault_Handler                        0x0800030f   Thumb Code     4  stm32f10x_it.o(.text)
    MemManage_Handler                        0x08000313   Thumb Code     4  stm32f10x_it.o(.text)
    BusFault_Handler                         0x08000317   Thumb Code     4  stm32f10x_it.o(.text)
    UsageFault_Handler                       0x0800031b   Thumb Code     4  stm32f10x_it.o(.text)
    SVC_Handler                              0x0800031f   Thumb Code     2  stm32f10x_it.o(.text)
    DebugMon_Handler                         0x08000321   Thumb Code     2  stm32f10x_it.o(.text)
    PendSV_Handler                           0x08000323   Thumb Code     2  stm32f10x_it.o(.text)
    SysTick_Handler                          0x08000325   Thumb Code     2  stm32f10x_it.o(.text)
    USART1_IRQHandler                        0x08000327   Thumb Code     8  stm32f10x_it.o(.text)
    TIM2_IRQHandler                          0x0800032f   Thumb Code     8  stm32f10x_it.o(.text)
    GPIO_DeInit                              0x08000339   Thumb Code   188  stm32f10x_gpio.o(.text)
    GPIO_AFIODeInit                          0x080003f5   Thumb Code    20  stm32f10x_gpio.o(.text)
    GPIO_Init                                0x08000409   Thumb Code   278  stm32f10x_gpio.o(.text)
    GPIO_StructInit                          0x0800051f   Thumb Code    16  stm32f10x_gpio.o(.text)
    GPIO_ReadInputDataBit                    0x0800052f   Thumb Code    18  stm32f10x_gpio.o(.text)
    GPIO_ReadInputData                       0x08000541   Thumb Code     8  stm32f10x_gpio.o(.text)
    GPIO_ReadOutputDataBit                   0x08000549   Thumb Code    18  stm32f10x_gpio.o(.text)
    GPIO_ReadOutputData                      0x0800055b   Thumb Code     8  stm32f10x_gpio.o(.text)
    GPIO_SetBits                             0x08000563   Thumb Code     4  stm32f10x_gpio.o(.text)
    GPIO_ResetBits                           0x08000567   Thumb Code     4  stm32f10x_gpio.o(.text)
    GPIO_WriteBit                            0x0800056b   Thumb Code    10  stm32f10x_gpio.o(.text)
    GPIO_Write                               0x08000575   Thumb Code     4  stm32f10x_gpio.o(.text)
    GPIO_PinLockConfig                       0x08000579   Thumb Code    18  stm32f10x_gpio.o(.text)
    GPIO_EventOutputConfig                   0x0800058b   Thumb Code    26  stm32f10x_gpio.o(.text)
    GPIO_EventOutputCmd                      0x080005a5   Thumb Code     6  stm32f10x_gpio.o(.text)
    GPIO_PinRemapConfig                      0x080005ab   Thumb Code   106  stm32f10x_gpio.o(.text)
    GPIO_EXTILineConfig                      0x08000615   Thumb Code    66  stm32f10x_gpio.o(.text)
    RCC_DeInit                               0x08000669   Thumb Code    62  stm32f10x_rcc.o(.text)
    RCC_HSEConfig                            0x080006a7   Thumb Code    70  stm32f10x_rcc.o(.text)
    RCC_GetFlagStatus                        0x080006ed   Thumb Code    56  stm32f10x_rcc.o(.text)
    RCC_WaitForHSEStartUp                    0x08000725   Thumb Code    54  stm32f10x_rcc.o(.text)
    RCC_AdjustHSICalibrationValue            0x0800075b   Thumb Code    20  stm32f10x_rcc.o(.text)
    RCC_HSICmd                               0x0800076f   Thumb Code     6  stm32f10x_rcc.o(.text)
    RCC_PLLConfig                            0x08000775   Thumb Code    24  stm32f10x_rcc.o(.text)
    RCC_PLLCmd                               0x0800078d   Thumb Code     6  stm32f10x_rcc.o(.text)
    RCC_SYSCLKConfig                         0x08000793   Thumb Code    18  stm32f10x_rcc.o(.text)
    RCC_GetSYSCLKSource                      0x080007a5   Thumb Code    10  stm32f10x_rcc.o(.text)
    RCC_HCLKConfig                           0x080007af   Thumb Code    18  stm32f10x_rcc.o(.text)
    RCC_PCLK1Config                          0x080007c1   Thumb Code    18  stm32f10x_rcc.o(.text)
    RCC_PCLK2Config                          0x080007d3   Thumb Code    20  stm32f10x_rcc.o(.text)
    RCC_ITConfig                             0x080007e7   Thumb Code    26  stm32f10x_rcc.o(.text)
    RCC_USBCLKConfig                         0x08000801   Thumb Code     8  stm32f10x_rcc.o(.text)
    RCC_ADCCLKConfig                         0x08000809   Thumb Code    18  stm32f10x_rcc.o(.text)
    RCC_LSEConfig                            0x0800081b   Thumb Code    50  stm32f10x_rcc.o(.text)
    RCC_LSICmd                               0x0800084d   Thumb Code     6  stm32f10x_rcc.o(.text)
    RCC_RTCCLKConfig                         0x08000853   Thumb Code    12  stm32f10x_rcc.o(.text)
    RCC_RTCCLKCmd                            0x0800085f   Thumb Code     8  stm32f10x_rcc.o(.text)
    RCC_GetClocksFreq                        0x08000867   Thumb Code   192  stm32f10x_rcc.o(.text)
    RCC_AHBPeriphClockCmd                    0x08000927   Thumb Code    26  stm32f10x_rcc.o(.text)
    RCC_APB2PeriphClockCmd                   0x08000941   Thumb Code    26  stm32f10x_rcc.o(.text)
    RCC_APB1PeriphClockCmd                   0x0800095b   Thumb Code    26  stm32f10x_rcc.o(.text)
    RCC_APB2PeriphResetCmd                   0x08000975   Thumb Code    26  stm32f10x_rcc.o(.text)
    RCC_APB1PeriphResetCmd                   0x0800098f   Thumb Code    26  stm32f10x_rcc.o(.text)
    RCC_BackupResetCmd                       0x080009a9   Thumb Code     8  stm32f10x_rcc.o(.text)
    RCC_ClockSecuritySystemCmd               0x080009b1   Thumb Code     6  stm32f10x_rcc.o(.text)
    RCC_MCOConfig                            0x080009b7   Thumb Code     6  stm32f10x_rcc.o(.text)
    RCC_ClearFlag                            0x080009bd   Thumb Code    14  stm32f10x_rcc.o(.text)
    RCC_GetITStatus                          0x080009cb   Thumb Code    20  stm32f10x_rcc.o(.text)
    RCC_ClearITPendingBit                    0x080009df   Thumb Code     6  stm32f10x_rcc.o(.text)
    TIM_DeInit                               0x08000a09   Thumb Code   214  stm32f10x_tim.o(.text)
    TIM_TimeBaseInit                         0x08000adf   Thumb Code    50  stm32f10x_tim.o(.text)
    TIM_OC1Init                              0x08000b11   Thumb Code   110  stm32f10x_tim.o(.text)
    TIM_OC2Init                              0x08000b7f   Thumb Code   148  stm32f10x_tim.o(.text)
    TIM_OC3Init                              0x08000c13   Thumb Code   144  stm32f10x_tim.o(.text)
    TIM_OC4Init                              0x08000ca3   Thumb Code   106  stm32f10x_tim.o(.text)
    TIM_SetIC4Prescaler                      0x08000d0d   Thumb Code    26  stm32f10x_tim.o(.text)
    TIM_SetIC3Prescaler                      0x08000d79   Thumb Code    18  stm32f10x_tim.o(.text)
    TIM_SetIC2Prescaler                      0x08000dd3   Thumb Code    42  stm32f10x_tim.o(.text)
    TIM_SetIC1Prescaler                      0x08000e4d   Thumb Code    18  stm32f10x_tim.o(.text)
    TIM_ICInit                               0x08000e97   Thumb Code   110  stm32f10x_tim.o(.text)
    TIM_PWMIConfig                           0x08000f05   Thumb Code   124  stm32f10x_tim.o(.text)
    TIM_BDTRConfig                           0x08000f81   Thumb Code    32  stm32f10x_tim.o(.text)
    TIM_TimeBaseStructInit                   0x08000fa1   Thumb Code    18  stm32f10x_tim.o(.text)
    TIM_OCStructInit                         0x08000fb3   Thumb Code    20  stm32f10x_tim.o(.text)
    TIM_ICStructInit                         0x08000fc7   Thumb Code    18  stm32f10x_tim.o(.text)
    TIM_BDTRStructInit                       0x08000fd9   Thumb Code    18  stm32f10x_tim.o(.text)
    TIM_Cmd                                  0x08000feb   Thumb Code    24  stm32f10x_tim.o(.text)
    TIM_CtrlPWMOutputs                       0x08001003   Thumb Code    30  stm32f10x_tim.o(.text)
    TIM_ITConfig                             0x08001021   Thumb Code    18  stm32f10x_tim.o(.text)
    TIM_GenerateEvent                        0x08001033   Thumb Code     4  stm32f10x_tim.o(.text)
    TIM_DMAConfig                            0x08001037   Thumb Code    10  stm32f10x_tim.o(.text)
    TIM_DMACmd                               0x08001041   Thumb Code    18  stm32f10x_tim.o(.text)
    TIM_InternalClockConfig                  0x08001053   Thumb Code    12  stm32f10x_tim.o(.text)
    TIM_SelectInputTrigger                   0x0800105f   Thumb Code    18  stm32f10x_tim.o(.text)
    TIM_ITRxExternalClockConfig              0x08001071   Thumb Code    24  stm32f10x_tim.o(.text)
    TIM_TIxExternalClockConfig               0x08001089   Thumb Code    62  stm32f10x_tim.o(.text)
    TIM_ETRConfig                            0x080010c7   Thumb Code    30  stm32f10x_tim.o(.text)
    TIM_ETRClockMode1Config                  0x080010e5   Thumb Code    54  stm32f10x_tim.o(.text)
    TIM_ETRClockMode2Config                  0x0800111b   Thumb Code    32  stm32f10x_tim.o(.text)
    TIM_PrescalerConfig                      0x0800113b   Thumb Code     6  stm32f10x_tim.o(.text)
    TIM_CounterModeConfig                    0x08001141   Thumb Code    18  stm32f10x_tim.o(.text)
    TIM_EncoderInterfaceConfig               0x08001153   Thumb Code    66  stm32f10x_tim.o(.text)
    TIM_ForcedOC1Config                      0x08001195   Thumb Code    18  stm32f10x_tim.o(.text)
    TIM_ForcedOC2Config                      0x080011a7   Thumb Code    26  stm32f10x_tim.o(.text)
    TIM_ForcedOC3Config                      0x080011c1   Thumb Code    18  stm32f10x_tim.o(.text)
    TIM_ForcedOC4Config                      0x080011d3   Thumb Code    26  stm32f10x_tim.o(.text)
    TIM_ARRPreloadConfig                     0x080011ed   Thumb Code    24  stm32f10x_tim.o(.text)
    TIM_SelectCOM                            0x08001205   Thumb Code    24  stm32f10x_tim.o(.text)
    TIM_SelectCCDMA                          0x0800121d   Thumb Code    24  stm32f10x_tim.o(.text)
    TIM_CCPreloadControl                     0x08001235   Thumb Code    24  stm32f10x_tim.o(.text)
    TIM_OC1PreloadConfig                     0x0800124d   Thumb Code    18  stm32f10x_tim.o(.text)
    TIM_OC2PreloadConfig                     0x0800125f   Thumb Code    26  stm32f10x_tim.o(.text)
    TIM_OC3PreloadConfig                     0x08001279   Thumb Code    18  stm32f10x_tim.o(.text)
    TIM_OC4PreloadConfig                     0x0800128b   Thumb Code    26  stm32f10x_tim.o(.text)
    TIM_OC1FastConfig                        0x080012a5   Thumb Code    18  stm32f10x_tim.o(.text)
    TIM_OC2FastConfig                        0x080012b7   Thumb Code    26  stm32f10x_tim.o(.text)
    TIM_OC3FastConfig                        0x080012d1   Thumb Code    18  stm32f10x_tim.o(.text)
    TIM_OC4FastConfig                        0x080012e3   Thumb Code    26  stm32f10x_tim.o(.text)
    TIM_ClearOC1Ref                          0x080012fd   Thumb Code    18  stm32f10x_tim.o(.text)
    TIM_ClearOC2Ref                          0x0800130f   Thumb Code    24  stm32f10x_tim.o(.text)
    TIM_ClearOC3Ref                          0x08001327   Thumb Code    18  stm32f10x_tim.o(.text)
    TIM_ClearOC4Ref                          0x08001339   Thumb Code    24  stm32f10x_tim.o(.text)
    TIM_OC1PolarityConfig                    0x08001351   Thumb Code    18  stm32f10x_tim.o(.text)
    TIM_OC1NPolarityConfig                   0x08001363   Thumb Code    18  stm32f10x_tim.o(.text)
    TIM_OC2PolarityConfig                    0x08001375   Thumb Code    26  stm32f10x_tim.o(.text)
    TIM_OC2NPolarityConfig                   0x0800138f   Thumb Code    26  stm32f10x_tim.o(.text)
    TIM_OC3PolarityConfig                    0x080013a9   Thumb Code    26  stm32f10x_tim.o(.text)
    TIM_OC3NPolarityConfig                   0x080013c3   Thumb Code    26  stm32f10x_tim.o(.text)
    TIM_OC4PolarityConfig                    0x080013dd   Thumb Code    26  stm32f10x_tim.o(.text)
    TIM_CCxCmd                               0x080013f7   Thumb Code    26  stm32f10x_tim.o(.text)
    TIM_CCxNCmd                              0x08001411   Thumb Code    26  stm32f10x_tim.o(.text)
    TIM_SelectOCxM                           0x0800142b   Thumb Code   134  stm32f10x_tim.o(.text)
    TIM_UpdateDisableConfig                  0x080014b1   Thumb Code    24  stm32f10x_tim.o(.text)
    TIM_UpdateRequestConfig                  0x080014c9   Thumb Code    24  stm32f10x_tim.o(.text)
    TIM_SelectHallSensor                     0x080014e1   Thumb Code    24  stm32f10x_tim.o(.text)
    TIM_SelectOnePulseMode                   0x080014f9   Thumb Code    18  stm32f10x_tim.o(.text)
    TIM_SelectOutputTrigger                  0x0800150b   Thumb Code    18  stm32f10x_tim.o(.text)
    TIM_SelectSlaveMode                      0x0800151d   Thumb Code    18  stm32f10x_tim.o(.text)
    TIM_SelectMasterSlaveMode                0x0800152f   Thumb Code    18  stm32f10x_tim.o(.text)
    TIM_SetCounter                           0x08001541   Thumb Code     4  stm32f10x_tim.o(.text)
    TIM_SetAutoreload                        0x08001545   Thumb Code     4  stm32f10x_tim.o(.text)
    TIM_SetCompare1                          0x08001549   Thumb Code     4  stm32f10x_tim.o(.text)
    TIM_SetCompare2                          0x0800154d   Thumb Code     4  stm32f10x_tim.o(.text)
    TIM_SetCompare3                          0x08001551   Thumb Code     4  stm32f10x_tim.o(.text)
    TIM_SetCompare4                          0x08001555   Thumb Code     6  stm32f10x_tim.o(.text)
    TIM_SetClockDivision                     0x0800155b   Thumb Code    14  stm32f10x_tim.o(.text)
    TIM_GetCapture1                          0x08001569   Thumb Code     6  stm32f10x_tim.o(.text)
    TIM_GetCapture2                          0x0800156f   Thumb Code     6  stm32f10x_tim.o(.text)
    TIM_GetCapture3                          0x08001575   Thumb Code     6  stm32f10x_tim.o(.text)
    TIM_GetCapture4                          0x0800157b   Thumb Code     8  stm32f10x_tim.o(.text)
    TIM_GetCounter                           0x08001583   Thumb Code     6  stm32f10x_tim.o(.text)
    TIM_GetPrescaler                         0x08001589   Thumb Code     6  stm32f10x_tim.o(.text)
    TIM_GetFlagStatus                        0x0800158f   Thumb Code    18  stm32f10x_tim.o(.text)
    TIM_ClearFlag                            0x080015a1   Thumb Code     6  stm32f10x_tim.o(.text)
    TIM_GetITStatus                          0x080015a7   Thumb Code    34  stm32f10x_tim.o(.text)
    TIM_ClearITPendingBit                    0x080015c9   Thumb Code     6  stm32f10x_tim.o(.text)
    USART_DeInit                             0x080015d1   Thumb Code   146  stm32f10x_usart.o(.text)
    USART_Init                               0x08001663   Thumb Code   150  stm32f10x_usart.o(.text)
    USART_StructInit                         0x080016f9   Thumb Code    24  stm32f10x_usart.o(.text)
    USART_ClockInit                          0x08001711   Thumb Code    34  stm32f10x_usart.o(.text)
    USART_ClockStructInit                    0x08001733   Thumb Code    12  stm32f10x_usart.o(.text)
    USART_Cmd                                0x0800173f   Thumb Code    24  stm32f10x_usart.o(.text)
    USART_ITConfig                           0x08001757   Thumb Code    64  stm32f10x_usart.o(.text)
    USART_DMACmd                             0x08001797   Thumb Code    18  stm32f10x_usart.o(.text)
    USART_SetAddress                         0x080017a9   Thumb Code    18  stm32f10x_usart.o(.text)
    USART_WakeUpConfig                       0x080017bb   Thumb Code    18  stm32f10x_usart.o(.text)
    USART_ReceiverWakeUpCmd                  0x080017cd   Thumb Code    24  stm32f10x_usart.o(.text)
    USART_LINBreakDetectLengthConfig         0x080017e5   Thumb Code    18  stm32f10x_usart.o(.text)
    USART_LINCmd                             0x080017f7   Thumb Code    24  stm32f10x_usart.o(.text)
    USART_SendData                           0x0800180f   Thumb Code     8  stm32f10x_usart.o(.text)
    USART_ReceiveData                        0x08001817   Thumb Code    10  stm32f10x_usart.o(.text)
    USART_SendBreak                          0x08001821   Thumb Code    10  stm32f10x_usart.o(.text)
    USART_SetGuardTime                       0x0800182b   Thumb Code    16  stm32f10x_usart.o(.text)
    USART_SetPrescaler                       0x0800183b   Thumb Code    16  stm32f10x_usart.o(.text)
    USART_SmartCardCmd                       0x0800184b   Thumb Code    24  stm32f10x_usart.o(.text)
    USART_SmartCardNACKCmd                   0x08001863   Thumb Code    24  stm32f10x_usart.o(.text)
    USART_HalfDuplexCmd                      0x0800187b   Thumb Code    24  stm32f10x_usart.o(.text)
    USART_IrDAConfig                         0x08001893   Thumb Code    18  stm32f10x_usart.o(.text)
    USART_IrDACmd                            0x080018a5   Thumb Code    24  stm32f10x_usart.o(.text)
    USART_GetFlagStatus                      0x080018bd   Thumb Code    18  stm32f10x_usart.o(.text)
    USART_ClearFlag                          0x080018cf   Thumb Code     6  stm32f10x_usart.o(.text)
    USART_GetITStatus                        0x080018d5   Thumb Code    76  stm32f10x_usart.o(.text)
    USART_ClearITPendingBit                  0x08001921   Thumb Code    20  stm32f10x_usart.o(.text)
    NVIC_PriorityGroupConfig                 0x08001941   Thumb Code    10  misc.o(.text)
    NVIC_Init                                0x0800194b   Thumb Code   100  misc.o(.text)
    NVIC_SetVectorTable                      0x080019af   Thumb Code    14  misc.o(.text)
    NVIC_SystemLPConfig                      0x080019bd   Thumb Code    34  misc.o(.text)
    SysTick_CLKSourceConfig                  0x080019df   Thumb Code    40  misc.o(.text)
    SystemInit                               0x08001b01   Thumb Code    68  system_stm32f10x.o(.text)
    usMBCRC16                                0x08001b55   Thumb Code    48  mbcrc.o(.text)
    eMBRTUInit                               0x08001b8d   Thumb Code    84  mbrtu.o(.text)
    eMBRTUStart                              0x08001be1   Thumb Code    30  mbrtu.o(.text)
    eMBRTUStop                               0x08001bff   Thumb Code    24  mbrtu.o(.text)
    eMBRTUReceive                            0x08001c17   Thumb Code    78  mbrtu.o(.text)
    eMBRTUSend                               0x08001c65   Thumb Code   124  mbrtu.o(.text)
    xMBRTUReceiveFSM                         0x08001ce1   Thumb Code   122  mbrtu.o(.text)
    xMBRTUTransmitFSM                        0x08001d5b   Thumb Code    94  mbrtu.o(.text)
    xMBRTUTimerT35Expired                    0x08001db9   Thumb Code    60  mbrtu.o(.text)
    eMBASCIIInit                             0x08001e11   Thumb Code    68  mbascii.o(.text)
    eMBASCIIStart                            0x08001e55   Thumb Code    32  mbascii.o(.text)
    eMBASCIIStop                             0x08001e75   Thumb Code    24  mbascii.o(.text)
    eMBASCIIReceive                          0x08001ead   Thumb Code    76  mbascii.o(.text)
    eMBASCIISend                             0x08001ef9   Thumb Code   110  mbascii.o(.text)
    xMBASCIIReceiveFSM                       0x08001f8d   Thumb Code   276  mbascii.o(.text)
    xMBASCIITransmitFSM                      0x080020c3   Thumb Code   220  mbascii.o(.text)
    xMBASCIITimerT1SExpired                  0x0800219f   Thumb Code    38  mbascii.o(.text)
    eMBFuncReadCoils                         0x080021e5   Thumb Code   174  mbfunccoils.o(.text)
    eMBFuncWriteCoil                         0x08002293   Thumb Code   112  mbfunccoils.o(.text)
    eMBFuncWriteMultipleCoils                0x08002303   Thumb Code   144  mbfunccoils.o(.text)
    eMBFuncReadDiscreteInputs                0x08002393   Thumb Code   172  mbfuncdisc.o(.text)
    eMBFuncWriteHoldingRegister              0x0800243f   Thumb Code    66  mbfuncholding.o(.text)
    eMBFuncWriteMultipleHoldingRegister      0x08002481   Thumb Code   110  mbfuncholding.o(.text)
    eMBFuncReadHoldingRegister               0x080024ef   Thumb Code   140  mbfuncholding.o(.text)
    eMBFuncReadWriteMultipleHoldingRegister  0x0800257b   Thumb Code   212  mbfuncholding.o(.text)
    eMBFuncReadInputRegister                 0x0800264f   Thumb Code   140  mbfuncinput.o(.text)
    eMBSetSlaveID                            0x080026dd   Thumb Code   110  mbfuncother.o(.text)
    eMBFuncReportSlaveID                     0x0800274b   Thumb Code    30  mbfuncother.o(.text)
    xMBUtilSetBits                           0x08002771   Thumb Code    96  mbutils.o(.text)
    xMBUtilGetBits                           0x080027d1   Thumb Code    42  mbutils.o(.text)
    prveMBError2Exception                    0x080027fb   Thumb Code    34  mbutils.o(.text)
    eMBInit                                  0x0800281d   Thumb Code   222  mb.o(.text)
    eMBRegisterCB                            0x080028fb   Thumb Code   138  mb.o(.text)
    eMBClose                                 0x08002985   Thumb Code    32  mb.o(.text)
    eMBEnable                                0x080029a5   Thumb Code    32  mb.o(.text)
    eMBDisable                               0x080029c5   Thumb Code    42  mb.o(.text)
    eMBPoll                                  0x080029ef   Thumb Code   268  mb.o(.text)
    xMBPortEventInit                         0x08002b79   Thumb Code    10  portevent.o(.text)
    xMBPortEventPost                         0x08002b83   Thumb Code    16  portevent.o(.text)
    xMBPortEventGet                          0x08002b93   Thumb Code    26  portevent.o(.text)
    ExitCriticalSection                      0x08002bb5   Thumb Code     4  portserial.o(.text)
    EnterCriticalSection                     0x08002bb9   Thumb Code     4  portserial.o(.text)
    vMBPortSerialEnable                      0x08002bbd   Thumb Code    72  portserial.o(.text)
    xMBPortSerialInit                        0x08002c05   Thumb Code   208  portserial.o(.text)
    xMBPortSerialPutByte                     0x08002cd5   Thumb Code    30  portserial.o(.text)
    xMBPortSerialGetByte                     0x08002cf3   Thumb Code    26  portserial.o(.text)
    UART1_IRQ                                0x08002d0d   Thumb Code    42  portserial.o(.text)
    xMBPortTimersInit                        0x08002d49   Thumb Code    62  porttimer.o(.text)
    vMBPortTimersEnable                      0x08002d87   Thumb Code    40  porttimer.o(.text)
    vMBPortTimersDisable                     0x08002daf   Thumb Code    24  porttimer.o(.text)
    prvvTIMERExpiredISR                      0x08002dc7   Thumb Code    10  porttimer.o(.text)
    __aeabi_memcpy                           0x08002dd5   Thumb Code    36  memcpya.o(.text)
    __aeabi_memcpy4                          0x08002dd5   Thumb Code     0  memcpya.o(.text)
    __aeabi_memcpy8                          0x08002dd5   Thumb Code     0  memcpya.o(.text)
    __scatterload                            0x08002df9   Thumb Code    28  init.o(.text)
    __scatterload_rt2                        0x08002df9   Thumb Code     0  init.o(.text)
    __scatterload_copy                       0x08002e1d   Thumb Code    14  handlers.o(i.__scatterload_copy)
    __scatterload_null                       0x08002e2b   Thumb Code     2  handlers.o(i.__scatterload_null)
    __scatterload_zeroinit                   0x08002e2d   Thumb Code    14  handlers.o(i.__scatterload_zeroinit)
    Region$$Table$$Base                      0x0800303c   Number         0  anon$$obj.o(Region$$Table)
    Region$$Table$$Limit                     0x0800305c   Number         0  anon$$obj.o(Region$$Table)
    usRegHoldingBuf                          0x20000000   Data          16  main.o(.data)
    pxMBFrameCBByteReceived                  0x20000064   Data           4  mb.o(.data)
    pxMBFrameCBTransmitterEmpty              0x20000068   Data           4  mb.o(.data)
    pxMBPortCBTimerExpired                   0x2000006c   Data           4  mb.o(.data)
    pxMBFrameCBReceiveFSMCur                 0x20000070   Data           4  mb.o(.data)
    pxMBFrameCBTransmitFSMCur                0x20000074   Data           4  mb.o(.data)
    ucRTUBuf                                 0x20000104   Data         256  mbrtu.o(.bss)
    __initial_sp                             0x20000428   Data           0  startup_stm32f10x_hd.o(STACK)



==============================================================================

Memory Map of the image

  Image Entry point : 0x08000147

  Load Region LR_1 (Base: 0x08000000, Size: 0x00003160, Max: 0xffffffff, ABSOLUTE)

    Execution Region ER_RO (Base: 0x08000000, Size: 0x0000305c, Max: 0xffffffff, ABSOLUTE)

    Base Addr    Size         Type   Attr      Idx    E Section Name        Object

    0x08000000   0x00000130   Data   RO            3    RESET               startup_stm32f10x_hd.o
    0x08000130   0x00000000   Code   RO          394  * .ARM.Collect$$$$00000000  mc_w.l(entry.o)
    0x08000130   0x00000004   Code   RO          401    .ARM.Collect$$$$00000001  mc_w.l(entry2.o)
    0x08000134   0x00000004   Code   RO          404    .ARM.Collect$$$$00000004  mc_w.l(entry5.o)
    0x08000138   0x00000000   Code   RO          406    .ARM.Collect$$$$00000008  mc_w.l(entry7b.o)
    0x08000138   0x00000000   Code   RO          408    .ARM.Collect$$$$0000000A  mc_w.l(entry8b.o)
    0x08000138   0x00000008   Code   RO          409    .ARM.Collect$$$$0000000B  mc_w.l(entry9a.o)
    0x08000140   0x00000000   Code   RO          411    .ARM.Collect$$$$0000000D  mc_w.l(entry10a.o)
    0x08000140   0x00000000   Code   RO          413    .ARM.Collect$$$$0000000F  mc_w.l(entry11a.o)
    0x08000140   0x00000004   Code   RO          402    .ARM.Collect$$$$00002712  mc_w.l(entry2.o)
    0x08000144   0x00000030   Code   RO            4  * .text               startup_stm32f10x_hd.o
    0x08000174   0x00000198   Code   RO           10    .text               main.o
    0x0800030c   0x0000002a   Code   RO           74    .text               stm32f10x_it.o
    0x08000336   0x00000002   PAD
    0x08000338   0x00000330   Code   RO           89    .text               stm32f10x_gpio.o
    0x08000668   0x000003a0   Code   RO          101    .text               stm32f10x_rcc.o
    0x08000a08   0x00000bc6   Code   RO          115    .text               stm32f10x_tim.o
    0x080015ce   0x00000002   PAD
    0x080015d0   0x00000370   Code   RO          127    .text               stm32f10x_usart.o
    0x08001940   0x000000dc   Code   RO          139    .text               misc.o
    0x08001a1c   0x00000138   Code   RO          161    .text               system_stm32f10x.o
    0x08001b54   0x00000038   Code   RO          200    .text               mbcrc.o
    0x08001b8c   0x00000284   Code   RO          214    .text               mbrtu.o
    0x08001e10   0x000003d4   Code   RO          236    .text               mbascii.o
    0x080021e4   0x000001ae   Code   RO          254    .text               mbfunccoils.o
    0x08002392   0x000000ac   Code   RO          269    .text               mbfuncdisc.o
    0x0800243e   0x00000210   Code   RO          281    .text               mbfuncholding.o
    0x0800264e   0x0000008c   Code   RO          293    .text               mbfuncinput.o
    0x080026da   0x00000002   PAD
    0x080026dc   0x00000094   Code   RO          305    .text               mbfuncother.o
    0x08002770   0x000000ac   Code   RO          320    .text               mbutils.o
    0x0800281c   0x0000035c   Code   RO          332    .text               mb.o
    0x08002b78   0x0000003c   Code   RO          353    .text               portevent.o
    0x08002bb4   0x00000194   Code   RO          367    .text               portserial.o
    0x08002d48   0x0000008c   Code   RO          382    .text               porttimer.o
    0x08002dd4   0x00000024   Code   RO          397    .text               mc_w.l(memcpya.o)
    0x08002df8   0x00000024   Code   RO          415    .text               mc_w.l(init.o)
    0x08002e1c   0x0000000e   Code   RO          419    i.__scatterload_copy  mc_w.l(handlers.o)
    0x08002e2a   0x00000002   Code   RO          420    i.__scatterload_null  mc_w.l(handlers.o)
    0x08002e2c   0x0000000e   Code   RO          421    i.__scatterload_zeroinit  mc_w.l(handlers.o)
    0x08002e3a   0x00000200   Data   RO          201    .constdata          mbcrc.o
    0x0800303a   0x00000002   PAD
    0x0800303c   0x00000020   Data   RO          417    Region$$Table       anon$$obj.o


    Execution Region ER_RW (Base: 0x20000000, Size: 0x00000104, Max: 0xffffffff, ABSOLUTE)

    Base Addr    Size         Type   Attr      Idx    E Section Name        Object

    0x20000000   0x00000013   Data   RW           11    .data               main.o
    0x20000013   0x00000014   Data   RW          102    .data               stm32f10x_rcc.o
    0x20000027   0x00000001   PAD
    0x20000028   0x0000000c   Data   RW          216    .data               mbrtu.o
    0x20000034   0x00000014   Data   RW          237    .data               mbascii.o
    0x20000048   0x00000002   Data   RW          307    .data               mbfuncother.o
    0x2000004a   0x00000002   PAD
    0x2000004c   0x000000b5   Data   RW          333    .data               mb.o
    0x20000101   0x00000002   Data   RW          354    .data               portevent.o


    Execution Region ER_ZI (Base: 0x20000104, Size: 0x00000324, Max: 0xffffffff, ABSOLUTE)

    Base Addr    Size         Type   Attr      Idx    E Section Name        Object

    0x20000104   0x00000100   Zero   RW          215    .bss                mbrtu.o
    0x20000204   0x00000020   Zero   RW          306    .bss                mbfuncother.o
    0x20000224   0x00000004   PAD
    0x20000228   0x00000200   Zero   RW            1    STACK               startup_stm32f10x_hd.o


==============================================================================

Image component sizes


      Code (inc. data)   RO Data    RW Data    ZI Data      Debug   Object Name

       408         20          0         19          0     255650   main.o
       860        126          0        181          0       4174   mb.o
       980         38          0         20          0       4681   mbascii.o
        56          8        512          0          0       1172   mbcrc.o
       430          0          0          0          0       2958   mbfunccoils.o
       172          0          0          0          0       1564   mbfuncdisc.o
       528          0          0          0          0       3801   mbfuncholding.o
       140          0          0          0          0       1515   mbfuncinput.o
       148          8          0          2         32       1733   mbfuncother.o
       644         28          0         12        256       3629   mbrtu.o
         0          0          0          0          0        572   mbtcp.o
       172          0          0          0          0       1842   mbutils.o
       220         22          0          0          0       1753   misc.o
        60          8          0          2          0       1488   portevent.o
       404         18          0          0          0       2297   portserial.o
       140          4          0          0          0       1013   porttimer.o
        48         12        304          0        512        896   startup_stm32f10x_hd.o
       816         18          0          0          0       5123   stm32f10x_gpio.o
        42          0          0          0          0       1500   stm32f10x_it.o
       928         36          0         20          0       8768   stm32f10x_rcc.o
      3014         16          0          0          0      23828   stm32f10x_tim.o
       880         12          0          0          0       7743   stm32f10x_usart.o
       312         16          0          0          0       1189   system_stm32f10x.o

    ----------------------------------------------------------------------
     11408        390        850        260        804     338889   Object Totals
         0          0         32          0          0          0   (incl. Generated)
         6          0          2          4          4          0   (incl. Padding)

    ----------------------------------------------------------------------

      Code (inc. data)   RO Data    RW Data    ZI Data      Debug   Library Member Name

         0          0          0          0          0          0   entry.o
         0          0          0          0          0          0   entry10a.o
         0          0          0          0          0          0   entry11a.o
         8          4          0          0          0          0   entry2.o
         4          0          0          0          0          0   entry5.o
         0          0          0          0          0          0   entry7b.o
         0          0          0          0          0          0   entry8b.o
         8          4          0          0          0          0   entry9a.o
        30          0          0          0          0          0   handlers.o
        36          8          0          0          0         68   init.o
        36          0          0          0          0         68   memcpya.o

    ----------------------------------------------------------------------
       122         16          0          0          0        136   Library Totals
         0          0          0          0          0          0   (incl. Padding)

    ----------------------------------------------------------------------

      Code (inc. data)   RO Data    RW Data    ZI Data      Debug   Library Name

       122         16          0          0          0        136   mc_w.l

    ----------------------------------------------------------------------
       122         16          0          0          0        136   Library Totals

    ----------------------------------------------------------------------

==============================================================================


      Code (inc. data)   RO Data    RW Data    ZI Data      Debug   

     11530        406        850        260        804     337565   Grand Totals
     11530        406        850        260        804     337565   ELF Image Totals
     11530        406        850        260          0          0   ROM Totals

==============================================================================

    Total RO  Size (Code + RO Data)                12380 (  12.09kB)
    Total RW  Size (RW Data + ZI Data)              1064 (   1.04kB)
    Total ROM Size (Code + RO Data + RW Data)      12640 (  12.34kB)

==============================================================================

